LC2H stall dump
Time: 2026-08-13T09:32:34.507Z (UTC)
Main thread heartbeat age (ms): 192663

== LC2H DIAGNOSTICS SNAPSHOT ==
AsyncChunkWarmup.regionBufferSize = 0
AsyncChunkWarmup.activeBatches = 0
AsyncChunkWarmup.cacheHits = 1025
AsyncChunkWarmup.cacheMisses = 74
AsyncMultiChunkPlanner.plannedCount = 10
AsyncMultiChunkPlanner.gpuCacheSize = 0
PlannerBatchQueue.stats = PlannerBatchStats[batchCount=0, pendingTasks=0, pendingByKind={}]
== LC2H STALL ANALYSIS ==
plannerPending=0 buildingInfoPending=0

MainThreadChunkApplier.queueSize = 0
TweaksActorSystem.inFlight = 0
FloatingVegetationRemover.pendingScans = 772

== THREAD DUMP ==
"Reference Handler" daemon prio=10 Id=13 RUNNABLE
	at java.base@25.0.2/java.lang.ref.Reference.waitForReferencePendingList(Native Method)
	at java.base@25.0.2/java.lang.ref.Reference.processPendingReferences(Reference.java:246)
	at java.base@25.0.2/java.lang.ref.Reference$ReferenceHandler.run(Reference.java:208)


"Finalizer" daemon prio=8 Id=14 WAITING on java.lang.ref.ReferenceQueue$Lock@3724818d
	at java.base@25.0.2/java.lang.Object.wait0(Native Method)
	-  waiting on java.lang.ref.ReferenceQueue$Lock@3724818d
	at java.base@25.0.2/java.lang.Object.wait(Object.java:389)
	at java.base@25.0.2/java.lang.Object.wait(Object.java:351)
	at java.base@25.0.2/java.lang.ref.ReferenceQueue.remove0(ReferenceQueue.java:137)
	at java.base@25.0.2/java.lang.ref.ReferenceQueue.remove(ReferenceQueue.java:215)
	at java.base@25.0.2/java.lang.ref.Finalizer$FinalizerThread.run(Finalizer.java:165)


"Signal Dispatcher" daemon prio=9 Id=15 RUNNABLE


"Common-Cleaner" daemon prio=8 Id=21 TIMED_WAITING on java.lang.ref.ReferenceQueue$Lock@39e36919
	at java.base@25.0.2/java.lang.Object.wait0(Native Method)
	-  waiting on java.lang.ref.ReferenceQueue$Lock@39e36919
	at java.base@25.0.2/java.lang.Object.wait(Object.java:389)
	at java.base@25.0.2/java.lang.ref.ReferenceQueue.remove0(ReferenceQueue.java:123)
	at java.base@25.0.2/java.lang.ref.ReferenceQueue.remove(ReferenceQueue.java:201)
	at java.base@25.0.2/jdk.internal.ref.CleanerImpl.run(CleanerImpl.java:146)
	at java.base@25.0.2/java.lang.Thread.runWith(Thread.java:1487)
	at java.base@25.0.2/java.lang.Thread.run(Thread.java:1474)
	at java.base@25.0.2/jdk.internal.misc.InnocuousThread.run(InnocuousThread.java:148)


"Notification Thread" daemon prio=9 Id=22 RUNNABLE


"Thread-0" daemon prio=5 Id=33 TIMED_WAITING
	at java.base@25.0.2/jdk.internal.misc.Unsafe.park(Native Method)
	at java.base@25.0.2/java.util.concurrent.locks.LockSupport.parkNanos(LockSupport.java:408)
	at TRANSFORMER/modernfix@5.27.72+mc1.20.1/org.embeddedt.modernfix.forge.config.NightConfigWatchThrottler$1$1.iterator(NightConfigWatchThrottler.java:49)
	at MC-BOOTSTRAP/com.electronwill.nightconfig.core@3.6.4/com.electronwill.nightconfig.core.file.FileWatcher$WatcherThread.run(FileWatcher.java:162)


"JNA Cleaner" daemon prio=5 Id=34 WAITING on java.lang.ref.ReferenceQueue$Lock@3ddceafd
	at java.base@25.0.2/java.lang.Object.wait0(Native Method)
	-  waiting on java.lang.ref.ReferenceQueue$Lock@3ddceafd
	at java.base@25.0.2/java.lang.Object.wait(Object.java:389)
	at java.base@25.0.2/java.lang.Object.wait(Object.java:351)
	at java.base@25.0.2/java.lang.ref.ReferenceQueue.remove0(ReferenceQueue.java:137)
	at java.base@25.0.2/java.lang.ref.ReferenceQueue.remove(ReferenceQueue.java:215)
	at MC-BOOTSTRAP/com.sun.jna@5.12.1/com.sun.jna.internal.Cleaner$1.run(Cleaner.java:58)


"Timer hack thread" daemon prio=5 Id=35 TIMED_WAITING
	at java.base@25.0.2/java.lang.Thread.sleepNanos0(Native Method)
	at java.base@25.0.2/java.lang.Thread.sleepNanos(Thread.java:509)
	at java.base@25.0.2/java.lang.Thread.sleep(Thread.java:540)
	at TRANSFORMER/minecraft@1.20.1/net.minecraft.Util$9.run(Util.java:672)


"FileSystemWatchService" daemon prio=5 Id=40 RUNNABLE (in native)
	at java.base@25.0.2/sun.nio.fs.LinuxWatchService.poll(Native Method)
	at java.base@25.0.2/sun.nio.fs.LinuxWatchService$Poller.run(LinuxWatchService.java:307)
	at java.base@25.0.2/java.lang.Thread.runWith(Thread.java:1487)
	at java.base@25.0.2/java.lang.Thread.run(Thread.java:1474)
	at java.base@25.0.2/jdk.internal.misc.InnocuousThread.run(InnocuousThread.java:148)


"quantified-cache-maintainer" daemon prio=5 Id=45 TIMED_WAITING on java.util.concurrent.locks.AbstractQueuedSynchronizer$ConditionObject@78de6322
	at java.base@25.0.2/jdk.internal.misc.Unsafe.park(Native Method)
	-  waiting on java.util.concurrent.locks.AbstractQueuedSynchronizer$ConditionObject@78de6322
	at java.base@25.0.2/java.util.concurrent.locks.LockSupport.parkNanos(LockSupport.java:271)
	at java.base@25.0.2/java.util.concurrent.locks.AbstractQueuedSynchronizer$ConditionObject.awaitNanos(AbstractQueuedSynchronizer.java:1803)
	at java.base@25.0.2/java.util.concurrent.ScheduledThreadPoolExecutor$DelayedWorkQueue.take(ScheduledThreadPoolExecutor.java:1166)
	at java.base@25.0.2/java.util.concurrent.ScheduledThreadPoolExecutor$DelayedWorkQueue.take(ScheduledThreadPoolExecutor.java:883)
	at java.base@25.0.2/java.util.concurrent.ThreadPoolExecutor.getTask(ThreadPoolExecutor.java:1016)
	at java.base@25.0.2/java.util.concurrent.ThreadPoolExecutor.runWorker(ThreadPoolExecutor.java:1076)
	at java.base@25.0.2/java.util.concurrent.ThreadPoolExecutor$Worker.run(ThreadPoolExecutor.java:614)
	...


"FileSystemWatchService" daemon prio=5 Id=46 RUNNABLE (in native)
	at java.base@25.0.2/sun.nio.fs.LinuxWatchService.poll(Native Method)
	at java.base@25.0.2/sun.nio.fs.LinuxWatchService$Poller.run(LinuxWatchService.java:307)
	at java.base@25.0.2/java.lang.Thread.runWith(Thread.java:1487)
	at java.base@25.0.2/java.lang.Thread.run(Thread.java:1474)
	at java.base@25.0.2/jdk.internal.misc.InnocuousThread.run(InnocuousThread.java:148)


"quantified-api-log-writer" daemon prio=5 Id=55 WAITING on java.util.concurrent.locks.AbstractQueuedSynchronizer$ConditionObject@6b65ad5d
	at java.base@25.0.2/jdk.internal.misc.Unsafe.park(Native Method)
	-  waiting on java.util.concurrent.locks.AbstractQueuedSynchronizer$ConditionObject@6b65ad5d
	at java.base@25.0.2/java.util.concurrent.locks.LockSupport.park(LockSupport.java:369)
	at java.base@25.0.2/java.util.concurrent.locks.AbstractQueuedSynchronizer$ConditionNode.block(AbstractQueuedSynchronizer.java:520)
	at java.base@25.0.2/java.util.concurrent.ForkJoinPool.unmanagedBlock(ForkJoinPool.java:4364)
	at java.base@25.0.2/java.util.concurrent.ForkJoinPool.managedBlock(ForkJoinPool.java:4310)
	at java.base@25.0.2/java.util.concurrent.locks.AbstractQueuedSynchronizer$ConditionObject.await(AbstractQueuedSynchronizer.java:1752)
	at java.base@25.0.2/java.util.concurrent.LinkedBlockingQueue.take(LinkedBlockingQueue.java:435)
	at java.base@25.0.2/java.util.concurrent.ThreadPoolExecutor.getTask(ThreadPoolExecutor.java:1016)
	...


"quantified-fg-1" daemon prio=5 Id=56 TIMED_WAITING on org.admany.quantified.core.common.async.core.PriorityScheduler@49ecba89
	at java.base@25.0.2/jdk.internal.misc.Unsafe.park(Native Method)
	-  waiting on org.admany.quantified.core.common.async.core.PriorityScheduler@49ecba89
	at java.base@25.0.2/java.util.concurrent.locks.LockSupport.parkNanos(LockSupport.java:271)
	at TRANSFORMER/quantified@2.2.0/org.admany.quantified.core.common.async.core.PriorityScheduler.foregroundLoop(PriorityScheduler.java:288)
	at TRANSFORMER/quantified@2.2.0/org.admany.quantified.core.common.async.core.PriorityScheduler$$Lambda/0x000000006f4cd430.run(Unknown Source)
	at TRANSFORMER/quantified@2.2.0/org.admany.quantified.core.common.async.core.PriorityScheduler.lambda$ensureWorkers$4(PriorityScheduler.java:508)
	at TRANSFORMER/quantified@2.2.0/org.admany.quantified.core.common.async.core.PriorityScheduler$$Lambda/0x000000006f4d19b0.run(Unknown Source)
	at java.base@25.0.2/java.util.concurrent.Executors$RunnableAdapter.call(Executors.java:545)
	at java.base@25.0.2/java.util.concurrent.FutureTask.run(FutureTask.java:328)
	...

	Number of locked synchronizers = 1
	- java.util.concurrent.ThreadPoolExecutor$Worker@8bed9c0


"quantified-bg-1" daemon prio=5 Id=57 RUNNABLE
	at java.base@25.0.2/java.nio.HeapByteBuffer.<init>(HeapByteBuffer.java:75)
	at java.base@25.0.2/java.nio.ByteBuffer.allocate(ByteBuffer.java:398)
	at java.base@25.0.2/sun.nio.cs.StreamDecoder.<init>(StreamDecoder.java:248)
	at java.base@25.0.2/sun.nio.cs.StreamDecoder.forInputStreamReader(StreamDecoder.java:92)
	at java.base@25.0.2/java.io.InputStreamReader.<init>(InputStreamReader.java:138)
	at java.base@25.0.2/java.nio.file.Files.newBufferedReader(Files.java:2645)
	at java.base@25.0.2/java.nio.file.Files.lines(Files.java:3750)
	at java.base@25.0.2/java.nio.file.Files.lines(Files.java:3832)
	...

	Number of locked synchronizers = 1
	- java.util.concurrent.ThreadPoolExecutor$Worker@43067ba5


"quantified-hk" daemon prio=5 Id=58 RUNNABLE
	at java.base@25.0.2/sun.nio.fs.UnixNativeDispatcher.open0(Native Method)
	at java.base@25.0.2/sun.nio.fs.UnixNativeDispatcher.open(UnixNativeDispatcher.java:69)
	at java.base@25.0.2/sun.nio.fs.UnixChannelFactory.open(UnixChannelFactory.java:242)
	at java.base@25.0.2/sun.nio.fs.UnixChannelFactory.newFileChannel(UnixChannelFactory.java:132)
	at java.base@25.0.2/sun.nio.fs.UnixChannelFactory.newFileChannel(UnixChannelFactory.java:145)
	at java.base@25.0.2/sun.nio.fs.UnixFileSystemProvider.newFileChannel(UnixFileSystemProvider.java:211)
	at java.base@25.0.2/sun.nio.fs.UnixFileSystemProvider.newByteChannel(UnixFileSystemProvider.java:244)
	at java.base@25.0.2/java.nio.file.Files.newByteChannel(Files.java:357)
	...

	Number of locked synchronizers = 1
	- java.util.concurrent.ThreadPoolExecutor$Worker@43e54480


"quantified-coalescer" daemon prio=5 Id=59 TIMED_WAITING on java.util.concurrent.locks.AbstractQueuedSynchronizer$ConditionObject@13bd2a4b
	at java.base@25.0.2/jdk.internal.misc.Unsafe.park(Native Method)
	-  waiting on java.util.concurrent.locks.AbstractQueuedSynchronizer$ConditionObject@13bd2a4b
	at java.base@25.0.2/java.util.concurrent.locks.LockSupport.parkNanos(LockSupport.java:271)
	at java.base@25.0.2/java.util.concurrent.locks.AbstractQueuedSynchronizer$ConditionObject.awaitNanos(AbstractQueuedSynchronizer.java:1803)
	at java.base@25.0.2/java.util.concurrent.ScheduledThreadPoolExecutor$DelayedWorkQueue.take(ScheduledThreadPoolExecutor.java:1166)
	at java.base@25.0.2/java.util.concurrent.ScheduledThreadPoolExecutor$DelayedWorkQueue.take(ScheduledThreadPoolExecutor.java:883)
	at java.base@25.0.2/java.util.concurrent.ThreadPoolExecutor.getTask(ThreadPoolExecutor.java:1016)
	at java.base@25.0.2/java.util.concurrent.ThreadPoolExecutor.runWorker(ThreadPoolExecutor.java:1076)
	at java.base@25.0.2/java.util.concurrent.ThreadPoolExecutor$Worker.run(ThreadPoolExecutor.java:614)
	...


"quantified-telemetry" daemon prio=5 Id=61 TIMED_WAITING on java.util.concurrent.locks.AbstractQueuedSynchronizer$ConditionObject@5e38c56b
	at java.base@25.0.2/jdk.internal.misc.Unsafe.park(Native Method)
	-  waiting on java.util.concurrent.locks.AbstractQueuedSynchronizer$ConditionObject@5e38c56b
	at java.base@25.0.2/java.util.concurrent.locks.LockSupport.parkNanos(LockSupport.java:271)
	at java.base@25.0.2/java.util.concurrent.locks.AbstractQueuedSynchronizer$ConditionObject.awaitNanos(AbstractQueuedSynchronizer.java:1803)
	at java.base@25.0.2/java.util.concurrent.ScheduledThreadPoolExecutor$DelayedWorkQueue.take(ScheduledThreadPoolExecutor.java:1166)
	at java.base@25.0.2/java.util.concurrent.ScheduledThreadPoolExecutor$DelayedWorkQueue.take(ScheduledThreadPoolExecutor.java:883)
	at java.base@25.0.2/java.util.concurrent.ThreadPoolExecutor.getTask(ThreadPoolExecutor.java:1016)
	at java.base@25.0.2/java.util.concurrent.ThreadPoolExecutor.runWorker(ThreadPoolExecutor.java:1076)
	at java.base@25.0.2/java.util.concurrent.ThreadPoolExecutor$Worker.run(ThreadPoolExecutor.java:614)
	...


"Quantified-OpenCL-Probe-Scheduler" daemon prio=5 Id=62 WAITING on java.util.concurrent.locks.AbstractQueuedSynchronizer$ConditionObject@72ac04d7
	at java.base@25.0.2/jdk.internal.misc.Unsafe.park(Native Method)
	-  waiting on java.util.concurrent.locks.AbstractQueuedSynchronizer$ConditionObject@72ac04d7
	at java.base@25.0.2/java.util.concurrent.locks.LockSupport.park(LockSupport.java:369)
	at java.base@25.0.2/java.util.concurrent.locks.AbstractQueuedSynchronizer$ConditionNode.block(AbstractQueuedSynchronizer.java:520)
	at java.base@25.0.2/java.util.concurrent.ForkJoinPool.unmanagedBlock(ForkJoinPool.java:4364)
	at java.base@25.0.2/java.util.concurrent.ForkJoinPool.managedBlock(ForkJoinPool.java:4310)
	at java.base@25.0.2/java.util.concurrent.locks.AbstractQueuedSynchronizer$ConditionObject.await(AbstractQueuedSynchronizer.java:1752)
	at java.base@25.0.2/java.util.concurrent.ScheduledThreadPoolExecutor$DelayedWorkQueue.take(ScheduledThreadPoolExecutor.java:1154)
	at java.base@25.0.2/java.util.concurrent.ScheduledThreadPoolExecutor$DelayedWorkQueue.take(ScheduledThreadPoolExecutor.java:883)
	...


"Quantified-Vulkan-Probe-Scheduler" daemon prio=5 Id=63 WAITING on java.util.concurrent.locks.AbstractQueuedSynchronizer$ConditionObject@8b987bb
	at java.base@25.0.2/jdk.internal.misc.Unsafe.park(Native Method)
	-  waiting on java.util.concurrent.locks.AbstractQueuedSynchronizer$ConditionObject@8b987bb
	at java.base@25.0.2/java.util.concurrent.locks.LockSupport.park(LockSupport.java:369)
	at java.base@25.0.2/java.util.concurrent.locks.AbstractQueuedSynchronizer$ConditionNode.block(AbstractQueuedSynchronizer.java:520)
	at java.base@25.0.2/java.util.concurrent.ForkJoinPool.unmanagedBlock(ForkJoinPool.java:4364)
	at java.base@25.0.2/java.util.concurrent.ForkJoinPool.managedBlock(ForkJoinPool.java:4310)
	at java.base@25.0.2/java.util.concurrent.locks.AbstractQueuedSynchronizer$ConditionObject.await(AbstractQueuedSynchronizer.java:1752)
	at java.base@25.0.2/java.util.concurrent.ScheduledThreadPoolExecutor$DelayedWorkQueue.take(ScheduledThreadPoolExecutor.java:1154)
	at java.base@25.0.2/java.util.concurrent.ScheduledThreadPoolExecutor$DelayedWorkQueue.take(ScheduledThreadPoolExecutor.java:883)
	...


"quantified-dev-overlay" daemon prio=5 Id=64 RUNNABLE
	at java.base@25.0.2/java.lang.ProcessImpl.forkAndExec(Native Method)
	at java.base@25.0.2/java.lang.ProcessImpl.<init>(ProcessImpl.java:300)
	at java.base@25.0.2/java.lang.ProcessImpl.start(ProcessImpl.java:231)
	at java.base@25.0.2/java.lang.ProcessBuilder.start(ProcessBuilder.java:1078)
	at java.base@25.0.2/java.lang.ProcessBuilder.start(ProcessBuilder.java:1046)
	at java.base@25.0.2/java.lang.Runtime.exec(Runtime.java:605)
	at java.base@25.0.2/java.lang.Runtime.exec(Runtime.java:512)
	at MC-BOOTSTRAP/com.github.oshi@6.2.2/oshi.util.ExecutingCommand.runNative(ExecutingCommand.java:118)
	...

	Number of locked synchronizers = 1
	- java.util.concurrent.ThreadPoolExecutor$Worker@58ac17fc


"quantified-gpu-telemetry" daemon prio=5 Id=65 WAITING on java.util.concurrent.locks.AbstractQueuedSynchronizer$ConditionObject@1cbf6035
	at java.base@25.0.2/jdk.internal.misc.Unsafe.park(Native Method)
	-  waiting on java.util.concurrent.locks.AbstractQueuedSynchronizer$ConditionObject@1cbf6035
	at java.base@25.0.2/java.util.concurrent.locks.LockSupport.park(LockSupport.java:369)
	at java.base@25.0.2/java.util.concurrent.locks.AbstractQueuedSynchronizer$ConditionNode.block(AbstractQueuedSynchronizer.java:520)
	at java.base@25.0.2/java.util.concurrent.ForkJoinPool.unmanagedBlock(ForkJoinPool.java:4364)
	at java.base@25.0.2/java.util.concurrent.ForkJoinPool.managedBlock(ForkJoinPool.java:4310)
	at java.base@25.0.2/java.util.concurrent.locks.AbstractQueuedSynchronizer$ConditionObject.await(AbstractQueuedSynchronizer.java:1752)
	at java.base@25.0.2/java.util.concurrent.ScheduledThreadPoolExecutor$DelayedWorkQueue.take(ScheduledThreadPoolExecutor.java:1161)
	at java.base@25.0.2/java.util.concurrent.ScheduledThreadPoolExecutor$DelayedWorkQueue.take(ScheduledThreadPoolExecutor.java:883)
	...


"quantified-gpu-telemetry" daemon prio=5 Id=66 TIMED_WAITING on java.util.concurrent.locks.AbstractQueuedSynchronizer$ConditionObject@1cbf6035
	at java.base@25.0.2/jdk.internal.misc.Unsafe.park(Native Method)
	-  waiting on java.util.concurrent.locks.AbstractQueuedSynchronizer$ConditionObject@1cbf6035
	at java.base@25.0.2/java.util.concurrent.locks.LockSupport.parkNanos(LockSupport.java:271)
	at java.base@25.0.2/java.util.concurrent.locks.AbstractQueuedSynchronizer$ConditionObject.awaitNanos(AbstractQueuedSynchronizer.java:1803)
	at java.base@25.0.2/java.util.concurrent.ScheduledThreadPoolExecutor$DelayedWorkQueue.take(ScheduledThreadPoolExecutor.java:1166)
	at java.base@25.0.2/java.util.concurrent.ScheduledThreadPoolExecutor$DelayedWorkQueue.take(ScheduledThreadPoolExecutor.java:883)
	at java.base@25.0.2/java.util.concurrent.ThreadPoolExecutor.getTask(ThreadPoolExecutor.java:1016)
	at java.base@25.0.2/java.util.concurrent.ThreadPoolExecutor.runWorker(ThreadPoolExecutor.java:1076)
	at java.base@25.0.2/java.util.concurrent.ThreadPoolExecutor$Worker.run(ThreadPoolExecutor.java:614)
	...


"quantified-gpu-telemetry" daemon prio=5 Id=67 WAITING on java.util.concurrent.locks.AbstractQueuedSynchronizer$ConditionObject@1cbf6035
	at java.base@25.0.2/jdk.internal.misc.Unsafe.park(Native Method)
	-  waiting on java.util.concurrent.locks.AbstractQueuedSynchronizer$ConditionObject@1cbf6035
	at java.base@25.0.2/java.util.concurrent.locks.LockSupport.park(LockSupport.java:369)
	at java.base@25.0.2/java.util.concurrent.locks.AbstractQueuedSynchronizer$ConditionNode.block(AbstractQueuedSynchronizer.java:520)
	at java.base@25.0.2/java.util.concurrent.ForkJoinPool.unmanagedBlock(ForkJoinPool.java:4364)
	at java.base@25.0.2/java.util.concurrent.ForkJoinPool.managedBlock(ForkJoinPool.java:4310)
	at java.base@25.0.2/java.util.concurrent.locks.AbstractQueuedSynchronizer$ConditionObject.await(AbstractQueuedSynchronizer.java:1752)
	at java.base@25.0.2/java.util.concurrent.ScheduledThreadPoolExecutor$DelayedWorkQueue.take(ScheduledThreadPoolExecutor.java:1161)
	at java.base@25.0.2/java.util.concurrent.ScheduledThreadPoolExecutor$DelayedWorkQueue.take(ScheduledThreadPoolExecutor.java:883)
	...


"ADM-HotConfigReloader" daemon prio=5 Id=68 RUNNABLE
	at java.base@25.0.2/java.lang.reflect.AccessibleObject.slowVerifyAccess(AccessibleObject.java:721)
	at java.base@25.0.2/java.lang.reflect.AccessibleObject.verifyAccess(AccessibleObject.java:697)
	at java.base@25.0.2/java.lang.reflect.AccessibleObject.checkAccess(AccessibleObject.java:669)
	at java.base@25.0.2/java.lang.reflect.Field.checkAccess(Field.java:1152)
	at java.base@25.0.2/java.lang.reflect.Field.get(Field.java:437)
	at TRANSFORMER/admanticheat@1.9.3/org.admany.anticheat.core.config.ConfigManager.loadOrCreateConfig(ConfigManager.java:234)
	at TRANSFORMER/admanticheat@1.9.3/org.admany.anticheat.server.handler.config.HotConfigReloader.checkForConfigChanges(HotConfigReloader.java:91)
	at TRANSFORMER/admanticheat@1.9.3/org.admany.anticheat.server.handler.config.HotConfigReloader$$Lambda/0x000000006f53b908.run(Unknown Source)
	...

	Number of locked synchronizers = 1
	- java.util.concurrent.ThreadPoolExecutor$Worker@6ac68c67


"HttpClient-2-SelectorManager" daemon prio=5 Id=69 RUNNABLE (in native)
	at java.base@25.0.2/sun.nio.ch.EPoll.wait(Native Method)
	at java.base@25.0.2/sun.nio.ch.EPollSelectorImpl.doSelect(EPollSelectorImpl.java:117)
	at java.base@25.0.2/sun.nio.ch.SelectorImpl.lockAndDoSelect(SelectorImpl.java:130)
	-  locked sun.nio.ch.Util$2@434ed54
	-  locked sun.nio.ch.EPollSelectorImpl@162ccbb9
	at java.base@25.0.2/sun.nio.ch.SelectorImpl.select(SelectorImpl.java:142)
	at platform/java.net.http@25.0.2/jdk.internal.net.http.HttpClientImpl$SelectorManager.run(HttpClientImpl.java:1338)


"HttpClient-3-SelectorManager" daemon prio=5 Id=70 RUNNABLE (in native)
	at java.base@25.0.2/sun.nio.ch.EPoll.wait(Native Method)
	at java.base@25.0.2/sun.nio.ch.EPollSelectorImpl.doSelect(EPollSelectorImpl.java:117)
	at java.base@25.0.2/sun.nio.ch.SelectorImpl.lockAndDoSelect(SelectorImpl.java:130)
	-  locked sun.nio.ch.Util$2@526c1298
	-  locked sun.nio.ch.EPollSelectorImpl@35357e28
	at java.base@25.0.2/sun.nio.ch.SelectorImpl.select(SelectorImpl.java:142)
	at platform/java.net.http@25.0.2/jdk.internal.net.http.HttpClientImpl$SelectorManager.run(HttpClientImpl.java:1338)


"SkinRestorer-MineSkin-Scheduler" daemon prio=5 Id=71 TIMED_WAITING on java.util.concurrent.locks.AbstractQueuedSynchronizer$ConditionObject@16486b97
	at java.base@25.0.2/jdk.internal.misc.Unsafe.park(Native Method)
	-  waiting on java.util.concurrent.locks.AbstractQueuedSynchronizer$ConditionObject@16486b97
	at java.base@25.0.2/java.util.concurrent.locks.LockSupport.parkNanos(LockSupport.java:271)
	at java.base@25.0.2/java.util.concurrent.locks.AbstractQueuedSynchronizer$ConditionObject.awaitNanos(AbstractQueuedSynchronizer.java:1803)
	at java.base@25.0.2/java.util.concurrent.ScheduledThreadPoolExecutor$DelayedWorkQueue.take(ScheduledThreadPoolExecutor.java:1166)
	at java.base@25.0.2/java.util.concurrent.ScheduledThreadPoolExecutor$DelayedWorkQueue.take(ScheduledThreadPoolExecutor.java:883)
	at java.base@25.0.2/java.util.concurrent.ThreadPoolExecutor.getTask(ThreadPoolExecutor.java:1016)
	at java.base@25.0.2/java.util.concurrent.ThreadPoolExecutor.runWorker(ThreadPoolExecutor.java:1076)
	at java.base@25.0.2/java.util.concurrent.ThreadPoolExecutor$Worker.run(ThreadPoolExecutor.java:614)
	...


"Quantified-OpenCL-Probe" daemon prio=5 Id=73 WAITING on java.util.concurrent.locks.AbstractQueuedSynchronizer$ConditionObject@66491be4
	at java.base@25.0.2/jdk.internal.misc.Unsafe.park(Native Method)
	-  waiting on java.util.concurrent.locks.AbstractQueuedSynchronizer$ConditionObject@66491be4
	at java.base@25.0.2/java.util.concurrent.locks.LockSupport.park(LockSupport.java:369)
	at java.base@25.0.2/java.util.concurrent.locks.AbstractQueuedSynchronizer$ConditionNode.block(AbstractQueuedSynchronizer.java:520)
	at java.base@25.0.2/java.util.concurrent.ForkJoinPool.unmanagedBlock(ForkJoinPool.java:4364)
	at java.base@25.0.2/java.util.concurrent.ForkJoinPool.managedBlock(ForkJoinPool.java:4310)
	at java.base@25.0.2/java.util.concurrent.locks.AbstractQueuedSynchronizer$ConditionObject.await(AbstractQueuedSynchronizer.java:1752)
	at java.base@25.0.2/java.util.concurrent.LinkedBlockingQueue.take(LinkedBlockingQueue.java:435)
	at java.base@25.0.2/java.util.concurrent.ThreadPoolExecutor.getTask(ThreadPoolExecutor.java:1016)
	...


"DFU cleaning thread" daemon prio=1 Id=75 TIMED_WAITING
	at java.base@25.0.2/jdk.internal.misc.Unsafe.park(Native Method)
	at java.base@25.0.2/java.util.concurrent.locks.LockSupport.parkNanos(LockSupport.java:408)
	at TRANSFORMER/modernfix@5.27.72+mc1.20.1/org.embeddedt.modernfix.dfu.DFUBlaster$CleanerThread.run(DFUBlaster.java:61)


"FileSystemWatchService" daemon prio=5 Id=76 RUNNABLE (in native)
	at java.base@25.0.2/sun.nio.fs.LinuxWatchService.poll(Native Method)
	at java.base@25.0.2/sun.nio.fs.LinuxWatchService$Poller.run(LinuxWatchService.java:307)
	at java.base@25.0.2/java.lang.Thread.runWith(Thread.java:1487)
	at java.base@25.0.2/java.lang.Thread.run(Thread.java:1474)
	at java.base@25.0.2/jdk.internal.misc.InnocuousThread.run(InnocuousThread.java:148)


"FileSystemWatchService" daemon prio=5 Id=78 RUNNABLE (in native)
	at java.base@25.0.2/sun.nio.fs.LinuxWatchService.poll(Native Method)
	at java.base@25.0.2/sun.nio.fs.LinuxWatchService$Poller.run(LinuxWatchService.java:307)
	at java.base@25.0.2/java.lang.Thread.runWith(Thread.java:1487)
	at java.base@25.0.2/java.lang.Thread.run(Thread.java:1474)
	at java.base@25.0.2/jdk.internal.misc.InnocuousThread.run(InnocuousThread.java:148)


"Yggdrasil Key Fetcher" daemon prio=5 Id=88 TIMED_WAITING on java.util.concurrent.locks.AbstractQueuedSynchronizer$ConditionObject@54033d67
	at java.base@25.0.2/jdk.internal.misc.Unsafe.park(Native Method)
	-  waiting on java.util.concurrent.locks.AbstractQueuedSynchronizer$ConditionObject@54033d67
	at java.base@25.0.2/java.util.concurrent.locks.LockSupport.parkNanos(LockSupport.java:271)
	at java.base@25.0.2/java.util.concurrent.locks.AbstractQueuedSynchronizer$ConditionObject.awaitNanos(AbstractQueuedSynchronizer.java:1803)
	at java.base@25.0.2/java.util.concurrent.ScheduledThreadPoolExecutor$DelayedWorkQueue.take(ScheduledThreadPoolExecutor.java:1166)
	at java.base@25.0.2/java.util.concurrent.ScheduledThreadPoolExecutor$DelayedWorkQueue.take(ScheduledThreadPoolExecutor.java:883)
	at java.base@25.0.2/java.util.concurrent.ThreadPoolExecutor.getTask(ThreadPoolExecutor.java:1016)
	at java.base@25.0.2/java.util.concurrent.ThreadPoolExecutor.runWorker(ThreadPoolExecutor.java:1076)
	at java.base@25.0.2/java.util.concurrent.ThreadPoolExecutor$Worker.run(ThreadPoolExecutor.java:614)
	...


"FileSystemWatchService" daemon prio=5 Id=90 RUNNABLE (in native)
	at java.base@25.0.2/sun.nio.fs.LinuxWatchService.poll(Native Method)
	at java.base@25.0.2/sun.nio.fs.LinuxWatchService$Poller.run(LinuxWatchService.java:307)
	at java.base@25.0.2/java.lang.Thread.runWith(Thread.java:1487)
	at java.base@25.0.2/java.lang.Thread.run(Thread.java:1474)
	at java.base@25.0.2/jdk.internal.misc.InnocuousThread.run(InnocuousThread.java:148)


"Server thread" prio=5 Id=98 RUNNABLE
	at java.base@25.0.2/java.lang.invoke.DirectMethodHandle.allocateInstance(DirectMethodHandle.java:500)
	at java.base@25.0.2/java.lang.invoke.DirectMethodHandle$Holder.newInvokeSpecial(DirectMethodHandle$Holder)
	at java.base@25.0.2/java.lang.invoke.Invokers$Holder.linkToTargetMethod(Invokers$Holder)
	at TRANSFORMER/minecraft@1.20.1/net.minecraft.server.level.ChunkHolder.mfix$markAsNeedingProtoChunkDrop(ChunkHolder.java:1093)
	at TRANSFORMER/minecraft@1.20.1/net.minecraft.server.level.ChunkHolder.handler$zeb000$markForSuspensionOnDemotion(ChunkHolder.java:1085)
	at TRANSFORMER/minecraft@1.20.1/net.minecraft.server.level.ChunkHolder.m_143003_(ChunkHolder.java:421)
	at TRANSFORMER/minecraft@1.20.1/net.minecraft.server.level.DistanceManager.m_183906_(DistanceManager.java:120)
	at TRANSFORMER/minecraft@1.20.1/net.minecraft.server.level.DistanceManager$$Lambda/0x00000000707b58f0.accept(Unknown Source)
	...


"Server console handler" daemon prio=5 Id=100 RUNNABLE
	at java.base@25.0.2/java.nio.HeapCharBuffer.<init>(HeapCharBuffer.java:75)
	at java.base@25.0.2/java.nio.CharBuffer.allocate(CharBuffer.java:398)
	at MC-BOOTSTRAP/org.apache.logging.log4j.core@2.19.0/org.apache.logging.log4j.core.layout.StringBuilderEncoder.getThreadLocalState(StringBuilderEncoder.java:80)
	at MC-BOOTSTRAP/org.apache.logging.log4j.core@2.19.0/org.apache.logging.log4j.core.layout.StringBuilderEncoder.encode(StringBuilderEncoder.java:63)
	at MC-BOOTSTRAP/org.apache.logging.log4j.core@2.19.0/org.apache.logging.log4j.core.layout.StringBuilderEncoder.encode(StringBuilderEncoder.java:32)
	at MC-BOOTSTRAP/org.apache.logging.log4j.core@2.19.0/org.apache.logging.log4j.core.layout.PatternLayout.encode(PatternLayout.java:227)
	at MC-BOOTSTRAP/org.apache.logging.log4j.core@2.19.0/org.apache.logging.log4j.core.layout.PatternLayout.encode(PatternLayout.java:59)
	at MC-BOOTSTRAP/org.apache.logging.log4j.core@2.19.0/org.apache.logging.log4j.core.appender.AbstractOutputStreamAppender.directEncodeEvent(AbstractOutputStreamAppender.java:215)
	...


"DestroyJavaVM" prio=5 Id=102 RUNNABLE


"Netty Epoll Server IO #0" daemon prio=5 Id=103 RUNNABLE
	at MC-BOOTSTRAP/it.unimi.dsi.fastutil@8.5.9/it.unimi.dsi.fastutil.objects.Object2IntRBTreeMap.compare(Object2IntRBTreeMap.java:189)
	at MC-BOOTSTRAP/it.unimi.dsi.fastutil@8.5.9/it.unimi.dsi.fastutil.objects.Object2IntRBTreeMap.findKey(Object2IntRBTreeMap.java:201)
	at MC-BOOTSTRAP/it.unimi.dsi.fastutil@8.5.9/it.unimi.dsi.fastutil.objects.Object2IntRBTreeMap.containsKey(Object2IntRBTreeMap.java:885)
	at MC-BOOTSTRAP/it.unimi.dsi.fastutil@8.5.9/it.unimi.dsi.fastutil.objects.Object2IntFunction.put(Object2IntFunction.java:123)
	at MC-BOOTSTRAP/it.unimi.dsi.fastutil@8.5.9/it.unimi.dsi.fastutil.objects.Object2IntMap.put(Object2IntMap.java:162)
	at TRANSFORMER/forge@47.4.20/net.minecraftforge.registries.ForgeRegistry.lambda$makeSnapshot$13(ForgeRegistry.java:799)
	at TRANSFORMER/forge@47.4.20/net.minecraftforge.registries.ForgeRegistry$$Lambda/0x00000000706cc150.accept(Unknown Source)
	at MC-BOOTSTRAP/com.google.common@31.1-jre/com.google.common.collect.HashBiMap.forEach(HashBiMap.java:576)
	...


"FileSystemWatchService" daemon prio=5 Id=104 RUNNABLE (in native)
	at java.base@25.0.2/sun.nio.fs.LinuxWatchService.poll(Native Method)
	at java.base@25.0.2/sun.nio.fs.LinuxWatchService$Poller.run(LinuxWatchService.java:307)
	at java.base@25.0.2/java.lang.Thread.runWith(Thread.java:1487)
	at java.base@25.0.2/java.lang.Thread.run(Thread.java:1474)
	at java.base@25.0.2/jdk.internal.misc.InnocuousThread.run(InnocuousThread.java:148)


"Thread-9" daemon prio=5 Id=105 TIMED_WAITING
	at java.base@25.0.2/jdk.internal.misc.Unsafe.park(Native Method)
	at java.base@25.0.2/java.util.concurrent.locks.LockSupport.parkNanos(LockSupport.java:408)
	at MC-BOOTSTRAP/com.electronwill.nightconfig.core@3.6.4/com.electronwill.nightconfig.core.file.FileWatcher$WatcherThread.run(FileWatcher.java:190)


"FileSystemWatchService" daemon prio=5 Id=106 RUNNABLE (in native)
	at java.base@25.0.2/sun.nio.fs.LinuxWatchService.poll(Native Method)
	at java.base@25.0.2/sun.nio.fs.LinuxWatchService$Poller.run(LinuxWatchService.java:307)
	at java.base@25.0.2/java.lang.Thread.runWith(Thread.java:1487)
	at java.base@25.0.2/java.lang.Thread.run(Thread.java:1474)
	at java.base@25.0.2/jdk.internal.misc.InnocuousThread.run(InnocuousThread.java:148)


"quantified-cache-io" daemon prio=4 Id=112 WAITING on java.util.concurrent.locks.AbstractQueuedSynchronizer$ConditionObject@31a0bdc2
	at java.base@25.0.2/jdk.internal.misc.Unsafe.park(Native Method)
	-  waiting on java.util.concurrent.locks.AbstractQueuedSynchronizer$ConditionObject@31a0bdc2
	at java.base@25.0.2/java.util.concurrent.locks.LockSupport.park(LockSupport.java:369)
	at java.base@25.0.2/java.util.concurrent.locks.AbstractQueuedSynchronizer$ConditionNode.block(AbstractQueuedSynchronizer.java:520)
	at java.base@25.0.2/java.util.concurrent.ForkJoinPool.unmanagedBlock(ForkJoinPool.java:4364)
	at java.base@25.0.2/java.util.concurrent.ForkJoinPool.managedBlock(ForkJoinPool.java:4310)
	at java.base@25.0.2/java.util.concurrent.locks.AbstractQueuedSynchronizer$ConditionObject.await(AbstractQueuedSynchronizer.java:1752)
	at java.base@25.0.2/java.util.concurrent.ScheduledThreadPoolExecutor$DelayedWorkQueue.take(ScheduledThreadPoolExecutor.java:1154)
	at java.base@25.0.2/java.util.concurrent.ScheduledThreadPoolExecutor$DelayedWorkQueue.take(ScheduledThreadPoolExecutor.java:883)
	...


"LC2H-GpuDisk-1" daemon prio=4 Id=113 WAITING on java.util.concurrent.locks.AbstractQueuedSynchronizer$ConditionObject@7c855694
	at java.base@25.0.2/jdk.internal.misc.Unsafe.park(Native Method)
	-  waiting on java.util.concurrent.locks.AbstractQueuedSynchronizer$ConditionObject@7c855694
	at java.base@25.0.2/java.util.concurrent.locks.LockSupport.park(LockSupport.java:369)
	at java.base@25.0.2/java.util.concurrent.locks.AbstractQueuedSynchronizer$ConditionNode.block(AbstractQueuedSynchronizer.java:520)
	at java.base@25.0.2/java.util.concurrent.ForkJoinPool.unmanagedBlock(ForkJoinPool.java:4364)
	at java.base@25.0.2/java.util.concurrent.ForkJoinPool.managedBlock(ForkJoinPool.java:4310)
	at java.base@25.0.2/java.util.concurrent.locks.AbstractQueuedSynchronizer$ConditionObject.await(AbstractQueuedSynchronizer.java:1752)
	at java.base@25.0.2/java.util.concurrent.LinkedBlockingQueue.take(LinkedBlockingQueue.java:435)
	at java.base@25.0.2/java.util.concurrent.ThreadPoolExecutor.getTask(ThreadPoolExecutor.java:1016)
	...


"LC2H-Timer-1" daemon prio=4 Id=114 TIMED_WAITING on java.util.concurrent.locks.AbstractQueuedSynchronizer$ConditionObject@78b7aaa0
	at java.base@25.0.2/jdk.internal.misc.Unsafe.park(Native Method)
	-  waiting on java.util.concurrent.locks.AbstractQueuedSynchronizer$ConditionObject@78b7aaa0
	at java.base@25.0.2/java.util.concurrent.locks.LockSupport.parkNanos(LockSupport.java:271)
	at java.base@25.0.2/java.util.concurrent.locks.AbstractQueuedSynchronizer$ConditionObject.awaitNanos(AbstractQueuedSynchronizer.java:1803)
	at java.base@25.0.2/java.util.concurrent.ScheduledThreadPoolExecutor$DelayedWorkQueue.take(ScheduledThreadPoolExecutor.java:1166)
	at java.base@25.0.2/java.util.concurrent.ScheduledThreadPoolExecutor$DelayedWorkQueue.take(ScheduledThreadPoolExecutor.java:883)
	at java.base@25.0.2/java.util.concurrent.ThreadPoolExecutor.getTask(ThreadPoolExecutor.java:1016)
	at java.base@25.0.2/java.util.concurrent.ThreadPoolExecutor.runWorker(ThreadPoolExecutor.java:1076)
	at java.base@25.0.2/java.util.concurrent.ThreadPoolExecutor$Worker.run(ThreadPoolExecutor.java:614)
	...


"Netty Epoll Server IO #1" daemon prio=5 Id=127 RUNNABLE (in native)
	at MC-BOOTSTRAP/io.netty.transport.classes.epoll@4.1.82.Final/io.netty.channel.epoll.Native.epollWait(Native Method)
	at MC-BOOTSTRAP/io.netty.transport.classes.epoll@4.1.82.Final/io.netty.channel.epoll.Native.epollWait(Native.java:209)
	at MC-BOOTSTRAP/io.netty.transport.classes.epoll@4.1.82.Final/io.netty.channel.epoll.Native.epollWait(Native.java:202)
	at MC-BOOTSTRAP/io.netty.transport.classes.epoll@4.1.82.Final/io.netty.channel.epoll.EpollEventLoop.epollWaitNoTimerChange(EpollEventLoop.java:306)
	at MC-BOOTSTRAP/io.netty.transport.classes.epoll@4.1.82.Final/io.netty.channel.epoll.EpollEventLoop.run(EpollEventLoop.java:363)
	at MC-BOOTSTRAP/io.netty.common@4.1.82.Final/io.netty.util.concurrent.SingleThreadEventExecutor$4.run(SingleThreadEventExecutor.java:997)
	at MC-BOOTSTRAP/io.netty.common@4.1.82.Final/io.netty.util.internal.ThreadExecutorMap$2.run(ThreadExecutorMap.java:74)
	at java.base@25.0.2/java.lang.Thread.runWith(Thread.java:1487)
	...


"Netty Epoll Server IO #2" daemon prio=5 Id=128 RUNNABLE (in native)
	at MC-BOOTSTRAP/io.netty.transport.classes.epoll@4.1.82.Final/io.netty.channel.epoll.Native.epollWait(Native Method)
	at MC-BOOTSTRAP/io.netty.transport.classes.epoll@4.1.82.Final/io.netty.channel.epoll.Native.epollWait(Native.java:209)
	at MC-BOOTSTRAP/io.netty.transport.classes.epoll@4.1.82.Final/io.netty.channel.epoll.Native.epollWait(Native.java:202)
	at MC-BOOTSTRAP/io.netty.transport.classes.epoll@4.1.82.Final/io.netty.channel.epoll.EpollEventLoop.epollWaitNoTimerChange(EpollEventLoop.java:306)
	at MC-BOOTSTRAP/io.netty.transport.classes.epoll@4.1.82.Final/io.netty.channel.epoll.EpollEventLoop.run(EpollEventLoop.java:363)
	at MC-BOOTSTRAP/io.netty.common@4.1.82.Final/io.netty.util.concurrent.SingleThreadEventExecutor$4.run(SingleThreadEventExecutor.java:997)
	at MC-BOOTSTRAP/io.netty.common@4.1.82.Final/io.netty.util.internal.ThreadExecutorMap$2.run(ThreadExecutorMap.java:74)
	at java.base@25.0.2/java.lang.Thread.runWith(Thread.java:1487)
	...


"Server Watchdog" daemon prio=5 Id=129 RUNNABLE
	at java.base@25.0.2/java.lang.Throwable.fillInStackTrace(Native Method)
	at java.base@25.0.2/java.lang.Throwable.fillInStackTrace(Throwable.java:825)
	-  locked java.lang.Error@13f9cb77
	at java.base@25.0.2/java.lang.Throwable.<init>(Throwable.java:283)
	at java.base@25.0.2/java.lang.Error.<init>(Error.java:72)
	at TRANSFORMER/minecraft@1.20.1/net.minecraft.server.dedicated.ServerWatchdog.run(ServerWatchdog.java:43)
	at java.base@25.0.2/java.lang.Thread.runWith(Thread.java:1487)
	at java.base@25.0.2/java.lang.Thread.run(Thread.java:1474)


"LanServerPinger #1" daemon prio=5 Id=130 TIMED_WAITING
	at java.base@25.0.2/java.lang.Thread.sleepNanos0(Native Method)
	at java.base@25.0.2/java.lang.Thread.sleepNanos(Thread.java:509)
	at java.base@25.0.2/java.lang.Thread.sleep(Thread.java:540)
	at TRANSFORMER/minecraft@1.20.1/net.minecraft.client.server.LanServerPinger.run(LanServerPinger.java:48)


"lc2h-diagnostics" daemon prio=5 Id=134 RUNNABLE
	at java.base@25.0.2/java.util.concurrent.ConcurrentHashMap$EntryIterator.next(ConcurrentHashMap.java:3521)
	at java.base@25.0.2/java.util.concurrent.ConcurrentHashMap$EntryIterator.next(ConcurrentHashMap.java:3506)
	at TRANSFORMER/lc2h@3.4.0/org.admany.lc2h.worldgen.async.planner.AsyncBuildingInfoPlanner.pruneExpiredEntries(AsyncBuildingInfoPlanner.java:1077)
	at TRANSFORMER/lc2h@3.4.0/org.admany.lc2h.worldgen.async.planner.AsyncBuildingInfoPlanner.pruneExpiredEntries(AsyncBuildingInfoPlanner.java:989)
	at TRANSFORMER/lc2h@3.4.0/org.admany.lc2h.dev.diagnostics.DiagnosticsReporter.pruneInternalCaches(DiagnosticsReporter.java:194)
	at TRANSFORMER/lc2h@3.4.0/org.admany.lc2h.dev.diagnostics.DiagnosticsReporter.lambda$start$2(DiagnosticsReporter.java:103)
	at TRANSFORMER/lc2h@3.4.0/org.admany.lc2h.dev.diagnostics.DiagnosticsReporter$$Lambda/0x0000000070958660.run(Unknown Source)
	at java.base@25.0.2/java.util.concurrent.Executors$RunnableAdapter.call(Executors.java:545)
	...

	Number of locked synchronizers = 1
	- java.util.concurrent.ThreadPoolExecutor$Worker@76603785


"lc2h-stall-watcher" daemon prio=5 Id=135 RUNNABLE
	at java.management@25.0.2/sun.management.ThreadImpl.dumpThreads0(Native Method)
	at java.management@25.0.2/sun.management.ThreadImpl.dumpAllThreads(ThreadImpl.java:505)
	at java.management@25.0.2/sun.management.ThreadImpl.dumpAllThreads(ThreadImpl.java:493)
	at TRANSFORMER/lc2h@3.4.0/org.admany.lc2h.dev.diagnostics.StallDetector.writeStallDump(StallDetector.java:199)
	at TRANSFORMER/lc2h@3.4.0/org.admany.lc2h.dev.diagnostics.StallDetector.checkForStall(StallDetector.java:131)
	at TRANSFORMER/lc2h@3.4.0/org.admany.lc2h.dev.diagnostics.StallDetector$$Lambda/0x0000000070958f18.run(Unknown Source)
	at java.base@25.0.2/java.util.concurrent.Executors$RunnableAdapter.call(Executors.java:545)
	at java.base@25.0.2/java.util.concurrent.FutureTask.runAndReset(FutureTask.java:369)
	...

	Number of locked synchronizers = 1
	- java.util.concurrent.ThreadPoolExecutor$Worker@49ea71ff


"lc2h-async-issue-watcher" daemon prio=5 Id=136 TIMED_WAITING on java.util.concurrent.locks.AbstractQueuedSynchronizer$ConditionObject@4572e329
	at java.base@25.0.2/jdk.internal.misc.Unsafe.park(Native Method)
	-  waiting on java.util.concurrent.locks.AbstractQueuedSynchronizer$ConditionObject@4572e329
	at java.base@25.0.2/java.util.concurrent.locks.LockSupport.parkNanos(LockSupport.java:271)
	at java.base@25.0.2/java.util.concurrent.locks.AbstractQueuedSynchronizer$ConditionObject.awaitNanos(AbstractQueuedSynchronizer.java:1803)
	at java.base@25.0.2/java.util.concurrent.ScheduledThreadPoolExecutor$DelayedWorkQueue.take(ScheduledThreadPoolExecutor.java:1166)
	at java.base@25.0.2/java.util.concurrent.ScheduledThreadPoolExecutor$DelayedWorkQueue.take(ScheduledThreadPoolExecutor.java:883)
	at java.base@25.0.2/java.util.concurrent.ThreadPoolExecutor.getTask(ThreadPoolExecutor.java:1016)
	at java.base@25.0.2/java.util.concurrent.ThreadPoolExecutor.runWorker(ThreadPoolExecutor.java:1076)
	at java.base@25.0.2/java.util.concurrent.ThreadPoolExecutor$Worker.run(ThreadPoolExecutor.java:614)
	...


"lc2h-gpu-cleanup" daemon prio=5 Id=137 TIMED_WAITING on java.util.concurrent.locks.AbstractQueuedSynchronizer$ConditionObject@55a38d
	at java.base@25.0.2/jdk.internal.misc.Unsafe.park(Native Method)
	-  waiting on java.util.concurrent.locks.AbstractQueuedSynchronizer$ConditionObject@55a38d
	at java.base@25.0.2/java.util.concurrent.locks.LockSupport.parkNanos(LockSupport.java:271)
	at java.base@25.0.2/java.util.concurrent.locks.AbstractQueuedSynchronizer$ConditionObject.awaitNanos(AbstractQueuedSynchronizer.java:1803)
	at java.base@25.0.2/java.util.concurrent.ScheduledThreadPoolExecutor$DelayedWorkQueue.take(ScheduledThreadPoolExecutor.java:1166)
	at java.base@25.0.2/java.util.concurrent.ScheduledThreadPoolExecutor$DelayedWorkQueue.take(ScheduledThreadPoolExecutor.java:883)
	at java.base@25.0.2/java.util.concurrent.ThreadPoolExecutor.getTask(ThreadPoolExecutor.java:1016)
	at java.base@25.0.2/java.util.concurrent.ThreadPoolExecutor.runWorker(ThreadPoolExecutor.java:1076)
	at java.base@25.0.2/java.util.concurrent.ThreadPoolExecutor$Worker.run(ThreadPoolExecutor.java:614)
	...


"Netty Epoll Server IO #3" daemon prio=5 Id=147 RUNNABLE (in native)
	at MC-BOOTSTRAP/io.netty.transport.classes.epoll@4.1.82.Final/io.netty.channel.epoll.Native.epollWait(Native Method)
	at MC-BOOTSTRAP/io.netty.transport.classes.epoll@4.1.82.Final/io.netty.channel.epoll.Native.epollWait(Native.java:209)
	at MC-BOOTSTRAP/io.netty.transport.classes.epoll@4.1.82.Final/io.netty.channel.epoll.Native.epollWait(Native.java:202)
	at MC-BOOTSTRAP/io.netty.transport.classes.epoll@4.1.82.Final/io.netty.channel.epoll.EpollEventLoop.epollWaitNoTimerChange(EpollEventLoop.java:306)
	at MC-BOOTSTRAP/io.netty.transport.classes.epoll@4.1.82.Final/io.netty.channel.epoll.EpollEventLoop.run(EpollEventLoop.java:363)
	at MC-BOOTSTRAP/io.netty.common@4.1.82.Final/io.netty.util.concurrent.SingleThreadEventExecutor$4.run(SingleThreadEventExecutor.java:997)
	at MC-BOOTSTRAP/io.netty.common@4.1.82.Final/io.netty.util.internal.ThreadExecutorMap$2.run(ThreadExecutorMap.java:74)
	at java.base@25.0.2/java.lang.Thread.runWith(Thread.java:1487)
	...


"Netty Epoll Server IO #4" daemon prio=5 Id=148 BLOCKED on java.util.Collections$SynchronizedMap@1f1813fe owned by "Netty Epoll Server IO #0" Id=103
	at java.base@25.0.2/java.util.Collections$SynchronizedMap.get(Collections.java:2989)
	-  blocked on java.util.Collections$SynchronizedMap@1f1813fe
	at TRANSFORMER/forge@47.4.20/net.minecraftforge.network.NetworkRegistry.findTarget(NetworkRegistry.java:154)
	at TRANSFORMER/forge@47.4.20/net.minecraftforge.network.NetworkHooks.onCustomPayload(NetworkHooks.java:83)
	at TRANSFORMER/minecraft@1.20.1/net.minecraft.server.network.ServerGamePacketListenerImpl.m_7423_(ServerGamePacketListenerImpl.java:1681)
	at TRANSFORMER/minecraft@1.20.1/net.minecraft.network.protocol.game.ServerboundCustomPayloadPacket.m_5797_(ServerboundCustomPayloadPacket.java:35)
	at TRANSFORMER/minecraft@1.20.1/net.minecraft.network.protocol.game.ServerboundCustomPayloadPacket.m_5797_(ServerboundCustomPayloadPacket.java:8)
	at TRANSFORMER/minecraft@1.20.1/net.minecraft.network.Connection.m_129517_(Connection.java:174)
	at TRANSFORMER/minecraft@1.20.1/net.minecraft.network.Connection.channelRead0(Connection.java:159)
	...


"Netty Epoll Server IO #5" daemon prio=5 Id=155 RUNNABLE (in native)
	at MC-BOOTSTRAP/io.netty.transport.classes.epoll@4.1.82.Final/io.netty.channel.epoll.Native.epollWait(Native Method)
	at MC-BOOTSTRAP/io.netty.transport.classes.epoll@4.1.82.Final/io.netty.channel.epoll.Native.epollWait(Native.java:209)
	at MC-BOOTSTRAP/io.netty.transport.classes.epoll@4.1.82.Final/io.netty.channel.epoll.Native.epollWait(Native.java:202)
	at MC-BOOTSTRAP/io.netty.transport.classes.epoll@4.1.82.Final/io.netty.channel.epoll.EpollEventLoop.epollWaitNoTimerChange(EpollEventLoop.java:306)
	at MC-BOOTSTRAP/io.netty.transport.classes.epoll@4.1.82.Final/io.netty.channel.epoll.EpollEventLoop.run(EpollEventLoop.java:363)
	at MC-BOOTSTRAP/io.netty.common@4.1.82.Final/io.netty.util.concurrent.SingleThreadEventExecutor$4.run(SingleThreadEventExecutor.java:997)
	at MC-BOOTSTRAP/io.netty.common@4.1.82.Final/io.netty.util.internal.ThreadExecutorMap$2.run(ThreadExecutorMap.java:74)
	at java.base@25.0.2/java.lang.Thread.runWith(Thread.java:1487)
	...


"Netty Epoll Server IO #6" daemon prio=5 Id=156 RUNNABLE (in native)
	at MC-BOOTSTRAP/io.netty.transport.classes.epoll@4.1.82.Final/io.netty.channel.epoll.Native.epollWait(Native Method)
	at MC-BOOTSTRAP/io.netty.transport.classes.epoll@4.1.82.Final/io.netty.channel.epoll.Native.epollWait(Native.java:209)
	at MC-BOOTSTRAP/io.netty.transport.classes.epoll@4.1.82.Final/io.netty.channel.epoll.Native.epollWait(Native.java:202)
	at MC-BOOTSTRAP/io.netty.transport.classes.epoll@4.1.82.Final/io.netty.channel.epoll.EpollEventLoop.epollWaitNoTimerChange(EpollEventLoop.java:306)
	at MC-BOOTSTRAP/io.netty.transport.classes.epoll@4.1.82.Final/io.netty.channel.epoll.EpollEventLoop.run(EpollEventLoop.java:363)
	at MC-BOOTSTRAP/io.netty.common@4.1.82.Final/io.netty.util.concurrent.SingleThreadEventExecutor$4.run(SingleThreadEventExecutor.java:997)
	at MC-BOOTSTRAP/io.netty.common@4.1.82.Final/io.netty.util.internal.ThreadExecutorMap$2.run(ThreadExecutorMap.java:74)
	at java.base@25.0.2/java.lang.Thread.runWith(Thread.java:1487)
	...


"Netty Epoll Server IO #7" daemon prio=5 Id=157 BLOCKED on java.util.Collections$SynchronizedMap@1f1813fe owned by "Netty Epoll Server IO #0" Id=103
	at java.base@25.0.2/java.util.Collections$SynchronizedMap.get(Collections.java:2989)
	-  blocked on java.util.Collections$SynchronizedMap@1f1813fe
	at TRANSFORMER/forge@47.4.20/net.minecraftforge.network.NetworkRegistry.findTarget(NetworkRegistry.java:154)
	at TRANSFORMER/forge@47.4.20/net.minecraftforge.network.NetworkHooks.onCustomPayload(NetworkHooks.java:83)
	at TRANSFORMER/minecraft@1.20.1/net.minecraft.server.network.ServerGamePacketListenerImpl.m_7423_(ServerGamePacketListenerImpl.java:1681)
	at TRANSFORMER/minecraft@1.20.1/net.minecraft.network.protocol.game.ServerboundCustomPayloadPacket.m_5797_(ServerboundCustomPayloadPacket.java:35)
	at TRANSFORMER/minecraft@1.20.1/net.minecraft.network.protocol.game.ServerboundCustomPayloadPacket.m_5797_(ServerboundCustomPayloadPacket.java:8)
	at TRANSFORMER/minecraft@1.20.1/net.minecraft.network.Connection.m_129517_(Connection.java:174)
	at TRANSFORMER/minecraft@1.20.1/net.minecraft.network.Connection.channelRead0(Connection.java:159)
	...


"SIGTERM handler" daemon prio=9 Id=201 WAITING on net.minecraft.server.Main$1@4346cc07
	at java.base@25.0.2/java.lang.Object.wait0(Native Method)
	-  waiting on net.minecraft.server.Main$1@4346cc07
	at java.base@25.0.2/java.lang.Object.wait(Object.java:389)
	at java.base@25.0.2/java.lang.Thread.join(Thread.java:1887)
	at java.base@25.0.2/java.lang.Thread.join(Thread.java:1963)
	at java.base@25.0.2/java.lang.ApplicationShutdownHooks.runHooks(ApplicationShutdownHooks.java:114)
	at java.base@25.0.2/java.lang.ApplicationShutdownHooks$1.run(ApplicationShutdownHooks.java:47)
	at java.base@25.0.2/java.lang.Shutdown.runHooks(Shutdown.java:130)
	at java.base@25.0.2/java.lang.Shutdown.exit(Shutdown.java:167)
	-  locked java.lang.Class@159302fc
	...


"Server Shutdown Thread" prio=5 Id=99 WAITING on java.lang.Thread@1237532c
	at java.base@25.0.2/java.lang.Object.wait0(Native Method)
	-  waiting on java.lang.Thread@1237532c
	at java.base@25.0.2/java.lang.Object.wait(Object.java:389)
	at java.base@25.0.2/java.lang.Thread.join(Thread.java:1887)
	at java.base@25.0.2/java.lang.Thread.join(Thread.java:1963)
	at TRANSFORMER/minecraft@1.20.1/net.minecraft.server.MinecraftServer.m_7570_(MinecraftServer.java:624)
	at TRANSFORMER/minecraft@1.20.1/net.minecraft.server.Main$1.run(Main.java:235)


"quantified-runtime-shutdown" daemon prio=5 Id=54 TIMED_WAITING on java.util.concurrent.locks.AbstractQueuedSynchronizer$ConditionObject@596ec8b5
	at java.base@25.0.2/jdk.internal.misc.Unsafe.park(Native Method)
	-  waiting on java.util.concurrent.locks.AbstractQueuedSynchronizer$ConditionObject@596ec8b5
	at java.base@25.0.2/java.util.concurrent.locks.LockSupport.parkNanos(LockSupport.java:271)
	at java.base@25.0.2/java.util.concurrent.locks.AbstractQueuedSynchronizer$ConditionObject.awaitNanos(AbstractQueuedSynchronizer.java:1803)
	at java.base@25.0.2/java.util.concurrent.ThreadPoolExecutor.awaitTermination(ThreadPoolExecutor.java:1421)
	at java.base@25.0.2/java.util.concurrent.Executors$DelegatedExecutorService.awaitTermination(Executors.java:691)
	at TRANSFORMER/quantified@2.2.0/org.admany.quantified.core.common.cache.disk.DiskCacheManager.shutdown(DiskCacheManager.java:109)
	at TRANSFORMER/quantified@2.2.0/org.admany.quantified.core.common.platform.QuantifiedCoreRuntime.shutdownRuntime(QuantifiedCoreRuntime.java:243)
	at TRANSFORMER/quantified@2.2.0/org.admany.quantified.core.common.platform.QuantifiedCoreRuntime$$Lambda/0x000000006f4a8000.run(Unknown Source)
	...


"SIGHUP handler" daemon prio=9 Id=202 BLOCKED on java.lang.Class@159302fc owned by "SIGTERM handler" Id=201
	at java.base@25.0.2/java.lang.Shutdown.exit(Shutdown.java:166)
	-  blocked on java.lang.Class@159302fc
	at java.base@25.0.2/java.lang.Terminator$1.handle(Terminator.java:51)
	at java.base@25.0.2/jdk.internal.misc.Signal$1.run(Signal.java:218)
	at java.base@25.0.2/java.lang.Thread.runWith(Thread.java:1487)
	at java.base@25.0.2/java.lang.Thread.run(Thread.java:1474)


"process reaper" daemon prio=10 Id=203 TIMED_WAITING on java.util.concurrent.SynchronousQueue$Transferer@6370195f
	at java.base@25.0.2/jdk.internal.misc.Unsafe.park(Native Method)
	-  waiting on java.util.concurrent.SynchronousQueue$Transferer@6370195f
	at java.base@25.0.2/java.util.concurrent.locks.LockSupport.parkNanos(LockSupport.java:408)
	at java.base@25.0.2/java.util.concurrent.LinkedTransferQueue$DualNode.await(LinkedTransferQueue.java:452)
	at java.base@25.0.2/java.util.concurrent.SynchronousQueue$Transferer.xferLifo(SynchronousQueue.java:194)
	at java.base@25.0.2/java.util.concurrent.SynchronousQueue.xfer(SynchronousQueue.java:235)
	at java.base@25.0.2/java.util.concurrent.SynchronousQueue.poll(SynchronousQueue.java:338)
	at java.base@25.0.2/java.util.concurrent.ThreadPoolExecutor.getTask(ThreadPoolExecutor.java:1015)
	at java.base@25.0.2/java.util.concurrent.ThreadPoolExecutor.runWorker(ThreadPoolExecutor.java:1076)
	...


"process reaper" daemon prio=10 Id=206 TIMED_WAITING on java.util.concurrent.SynchronousQueue$Transferer@6370195f
	at java.base@25.0.2/jdk.internal.misc.Unsafe.park(Native Method)
	-  waiting on java.util.concurrent.SynchronousQueue$Transferer@6370195f
	at java.base@25.0.2/java.util.concurrent.locks.LockSupport.parkNanos(LockSupport.java:408)
	at java.base@25.0.2/java.util.concurrent.LinkedTransferQueue$DualNode.await(LinkedTransferQueue.java:452)
	at java.base@25.0.2/java.util.concurrent.SynchronousQueue$Transferer.xferLifo(SynchronousQueue.java:194)
	at java.base@25.0.2/java.util.concurrent.SynchronousQueue.xfer(SynchronousQueue.java:235)
	at java.base@25.0.2/java.util.concurrent.SynchronousQueue.poll(SynchronousQueue.java:338)
	at java.base@25.0.2/java.util.concurrent.ThreadPoolExecutor.getTask(ThreadPoolExecutor.java:1015)
	at java.base@25.0.2/java.util.concurrent.ThreadPoolExecutor.runWorker(ThreadPoolExecutor.java:1076)
	...


"process reaper" daemon prio=10 Id=207 TIMED_WAITING on java.util.concurrent.SynchronousQueue$Transferer@6370195f
	at java.base@25.0.2/jdk.internal.misc.Unsafe.park(Native Method)
	-  waiting on java.util.concurrent.SynchronousQueue$Transferer@6370195f
	at java.base@25.0.2/java.util.concurrent.locks.LockSupport.parkNanos(LockSupport.java:408)
	at java.base@25.0.2/java.util.concurrent.LinkedTransferQueue$DualNode.await(LinkedTransferQueue.java:452)
	at java.base@25.0.2/java.util.concurrent.SynchronousQueue$Transferer.xferLifo(SynchronousQueue.java:194)
	at java.base@25.0.2/java.util.concurrent.SynchronousQueue.xfer(SynchronousQueue.java:235)
	at java.base@25.0.2/java.util.concurrent.SynchronousQueue.poll(SynchronousQueue.java:338)
	at java.base@25.0.2/java.util.concurrent.ThreadPoolExecutor.getTask(ThreadPoolExecutor.java:1015)
	at java.base@25.0.2/java.util.concurrent.ThreadPoolExecutor.runWorker(ThreadPoolExecutor.java:1076)
	...


"Worker-Main-23" daemon prio=4 Id=208 WAITING on java.util.concurrent.ForkJoinPool@68fafcbf
	at java.base@25.0.2/jdk.internal.misc.Unsafe.park(Native Method)
	-  waiting on java.util.concurrent.ForkJoinPool@68fafcbf
	at java.base@25.0.2/java.util.concurrent.ForkJoinPool.awaitWork(ForkJoinPool.java:2109)
	at java.base@25.0.2/java.util.concurrent.ForkJoinPool.deactivate(ForkJoinPool.java:2063)
	at java.base@25.0.2/java.util.concurrent.ForkJoinPool.runWorker(ForkJoinPool.java:2027)
	at java.base@25.0.2/java.util.concurrent.ForkJoinWorkerThread.run(ForkJoinWorkerThread.java:187)


"Worker-Main-24" daemon prio=4 Id=209 WAITING on java.util.concurrent.ForkJoinPool@68fafcbf
	at java.base@25.0.2/jdk.internal.misc.Unsafe.park(Native Method)
	-  waiting on java.util.concurrent.ForkJoinPool@68fafcbf
	at java.base@25.0.2/java.util.concurrent.ForkJoinPool.awaitWork(ForkJoinPool.java:2109)
	at java.base@25.0.2/java.util.concurrent.ForkJoinPool.deactivate(ForkJoinPool.java:2063)
	at java.base@25.0.2/java.util.concurrent.ForkJoinPool.runWorker(ForkJoinPool.java:2027)
	at java.base@25.0.2/java.util.concurrent.ForkJoinWorkerThread.run(ForkJoinWorkerThread.java:187)


"Worker-Main-25" daemon prio=4 Id=210 RUNNABLE



Server tick count: 22040
